# dune build -w
# OCAMLPARAM: unset
# Shared cache: enabled-except-user-rules
# Shared cache location: /home/adeadura/.cache/dune/db
# Workspace root: /home/adeadura/code/projects/zee
# Auto-detected concurrency: 4
# Dune context:
#  { name = "default"
#  ; kind = "default"
#  ; profile = Dev
#  ; merlin = true
#  ; fdo_target_exe = None
#  ; build_dir = In_build_dir "default"
#  ; instrument_with = []
#  }
$ /home/adeadura/.opam/cs3110-2024fa/bin/ocamlc.opt -config > /tmp/dune_0f39bd_output
$ (cd _build/default && /home/adeadura/.opam/cs3110-2024fa/bin/ocamlopt.opt -w @1..3@5..28@31..39@43@46..47@49..57@61..62@67@69-40 -strict-sequence -strict-formats -short-paths -keep-locs -g -I bin/.main.eobjs/byte -I bin/.main.eobjs/native -I /home/adeadura/.opam/cs3110-2024fa/lib/cmdliner -I lib/.zee.objs/byte -I lib/.zee.objs/native -intf-suffix .ml -no-alias-deps -opaque -o bin/.main.eobjs/native/dune__exe__Main.cmx -c -impl bin/main.ml)
> File "bin/main.ml", line 1, characters 4-10:
> 1 | let revolt () = print_endline "Revolt!"
>         ^^^^^^
> Error (warning 32 [unused-value-declaration]): unused value revolt.
[2]
$ (cd _build/default && /home/adeadura/.opam/cs3110-2024fa/bin/ocamlopt.opt -w @1..3@5..28@31..39@43@46..47@49..57@61..62@67@69-40 -strict-sequence -strict-formats -short-paths -keep-locs -g -I bin/.main.eobjs/byte -I bin/.main.eobjs/native -I /home/adeadura/.opam/cs3110-2024fa/lib/cmdliner -I lib/.zee.objs/byte -I lib/.zee.objs/native -intf-suffix .ml -no-alias-deps -opaque -o bin/.main.eobjs/native/dune__exe__Main.cmx -c -impl bin/main.ml)
> File "bin/main.ml", line 1, characters 0-13:
> 1 | open Cmdliner
>     ^^^^^^^^^^^^^
> Error (warning 33 [unused-open]): unused open Cmdliner.
>
> File "bin/main.ml", line 3, characters 4-10:
> 3 | let revolt () = print_endline "Revolt!"
>         ^^^^^^
> Error (warning 32 [unused-value-declaration]): unused value revolt.
[2]
$ (cd _build/default && /home/adeadura/.opam/cs3110-2024fa/bin/ocamlopt.opt -w @1..3@5..28@31..39@43@46..47@49..57@61..62@67@69-40 -strict-sequence -strict-formats -short-paths -keep-locs -g -I bin/.main.eobjs/byte -I bin/.main.eobjs/native -I /home/adeadura/.opam/cs3110-2024fa/lib/cmdliner -I lib/.zee.objs/byte -I lib/.zee.objs/native -intf-suffix .ml -no-alias-deps -opaque -o bin/.main.eobjs/native/dune__exe__Main.cmx -c -impl bin/main.ml)
> File "bin/main.ml", line 4, characters 4-12:
> 4 | let revold_t = Term.(const revolt $ const ())
>         ^^^^^^^^
> Error (warning 32 [unused-value-declaration]): unused value revold_t.
[2]
$ (cd _build/default && /home/adeadura/.opam/cs3110-2024fa/bin/ocamlopt.opt -w @1..3@5..28@31..39@43@46..47@49..57@61..62@67@69-40 -strict-sequence -strict-formats -short-paths -keep-locs -g -I bin/.main.eobjs/byte -I bin/.main.eobjs/native -I /home/adeadura/.opam/cs3110-2024fa/lib/cmdliner -I lib/.zee.objs/byte -I lib/.zee.objs/native -intf-suffix .ml -no-alias-deps -opaque -o bin/.main.eobjs/native/dune__exe__Main.cmx -c -impl bin/main.ml)
> File "bin/main.ml", line 5, characters 4-7:
> 5 | let cmd = Cmd.v (Cmd.info "revolt") revold_t
>         ^^^
> Error (warning 32 [unused-value-declaration]): unused value cmd.
[2]
$ (cd _build/default && /home/adeadura/.opam/cs3110-2024fa/bin/ocamlopt.opt -w @1..3@5..28@31..39@43@46..47@49..57@61..62@67@69-40 -strict-sequence -strict-formats -short-paths -keep-locs -g -I bin/.main.eobjs/byte -I bin/.main.eobjs/native -I /home/adeadura/.opam/cs3110-2024fa/lib/cmdliner -I lib/.zee.objs/byte -I lib/.zee.objs/native -intf-suffix .ml -no-alias-deps -opaque -o bin/.main.eobjs/native/dune__exe__Main.cmx -c -impl bin/main.ml)
$ (cd _build/default && /home/adeadura/.opam/cs3110-2024fa/bin/ocamlopt.opt -w @1..3@5..28@31..39@43@46..47@49..57@61..62@67@69-40 -strict-sequence -strict-formats -short-paths -keep-locs -g -o bin/main.exe lib/zee.cmxa /home/adeadura/.opam/cs3110-2024fa/lib/cmdliner/cmdliner.cmxa bin/.main.eobjs/native/dune__exe__Main.cmx)
$ (cd _build/default && /home/adeadura/.opam/cs3110-2024fa/bin/ocamldep.opt -modules -impl bin/main.ml) > _build/default/bin/.main.eobjs/dune__exe__Main.impl.d
$ (cd _build/default && /home/adeadura/.opam/cs3110-2024fa/bin/ocamldep.opt -modules -intf bin/main.mli) > _build/default/bin/.main.eobjs/dune__exe__Main.intf.d
$ (cd _build/default && /home/adeadura/.opam/cs3110-2024fa/bin/ocamlc.opt -w @1..3@5..28@31..39@43@46..47@49..57@61..62@67@69-40 -strict-sequence -strict-formats -short-paths -keep-locs -w -49 -nopervasives -nostdlib -g -bin-annot -bin-annot-occurrences -I bin/.main.eobjs/byte -no-alias-deps -opaque -o bin/.main.eobjs/byte/dune__exe.cmo -c -impl bin/.main.eobjs/dune__exe.ml-gen)
$ (cd _build/default && /home/adeadura/.opam/cs3110-2024fa/bin/ocamlopt.opt -w @1..3@5..28@31..39@43@46..47@49..57@61..62@67@69-40 -strict-sequence -strict-formats -short-paths -keep-locs -w -49 -nopervasives -nostdlib -g -I bin/.main.eobjs/byte -I bin/.main.eobjs/native -intf-suffix .ml-gen -no-alias-deps -opaque -o bin/.main.eobjs/native/dune__exe.cmx -c -impl bin/.main.eobjs/dune__exe.ml-gen)
$ (cd _build/default && /home/adeadura/.opam/cs3110-2024fa/bin/ocamlc.opt -w @1..3@5..28@31..39@43@46..47@49..57@61..62@67@69-40 -strict-sequence -strict-formats -short-paths -keep-locs -g -bin-annot -bin-annot-occurrences -I bin/.main.eobjs/byte -I /home/adeadura/.opam/cs3110-2024fa/lib/cmdliner -I lib/.zee.objs/byte -no-alias-deps -opaque -open Dune__exe -o bin/.main.eobjs/byte/dune__exe__Main.cmi -c -intf bin/main.mli)
$ (cd _build/default && /home/adeadura/.opam/cs3110-2024fa/bin/ocamlopt.opt -w @1..3@5..28@31..39@43@46..47@49..57@61..62@67@69-40 -strict-sequence -strict-formats -short-paths -keep-locs -g -I bin/.main.eobjs/byte -I bin/.main.eobjs/native -I /home/adeadura/.opam/cs3110-2024fa/lib/cmdliner -I lib/.zee.objs/byte -I lib/.zee.objs/native -intf-suffix .ml -no-alias-deps -opaque -open Dune__exe -o bin/.main.eobjs/native/dune__exe__Main.cmx -c -impl bin/main.ml)
$ (cd _build/default && /home/adeadura/.opam/cs3110-2024fa/bin/ocamlopt.opt -w @1..3@5..28@31..39@43@46..47@49..57@61..62@67@69-40 -strict-sequence -strict-formats -short-paths -keep-locs -g -o bin/main.exe lib/zee.cmxa /home/adeadura/.opam/cs3110-2024fa/lib/cmdliner/cmdliner.cmxa bin/.main.eobjs/native/dune__exe.cmx bin/.main.eobjs/native/dune__exe__Main.cmx)
$ (cd _build/default && /home/adeadura/.opam/cs3110-2024fa/bin/ocamlc.opt -w @1..3@5..28@31..39@43@46..47@49..57@61..62@67@69-40 -strict-sequence -strict-formats -short-paths -keep-locs -w -49 -nopervasives -nostdlib -g -bin-annot -bin-annot-occurrences -I lib/.zee.objs/byte -no-alias-deps -opaque -o lib/.zee.objs/byte/zee.cmo -c -impl lib/zee.ml-gen)
$ (cd _build/default && /home/adeadura/.opam/cs3110-2024fa/bin/ocamlopt.opt -w @1..3@5..28@31..39@43@46..47@49..57@61..62@67@69-40 -strict-sequence -strict-formats -short-paths -keep-locs -w -49 -nopervasives -nostdlib -g -I lib/.zee.objs/byte -I lib/.zee.objs/native -intf-suffix .ml-gen -no-alias-deps -opaque -o lib/.zee.objs/native/zee.cmx -c -impl lib/zee.ml-gen)
$ (cd _build/default && /home/adeadura/.opam/cs3110-2024fa/bin/ocamldep.opt -modules -impl lib/subcommmands.ml) > _build/default/lib/.zee.objs/zee__Subcommmands.impl.d
$ (cd _build/default && /home/adeadura/.opam/cs3110-2024fa/bin/ocamlc.opt -w @1..3@5..28@31..39@43@46..47@49..57@61..62@67@69-40 -strict-sequence -strict-formats -short-paths -keep-locs -g -bin-annot -bin-annot-occurrences -I lib/.zee.objs/byte -no-alias-deps -opaque -open Zee -o lib/.zee.objs/byte/zee__Subcommmands.cmo -c -impl lib/subcommmands.ml)
$ (cd _build/default && /home/adeadura/.opam/cs3110-2024fa/bin/ocamlc.opt -w @1..3@5..28@31..39@43@46..47@49..57@61..62@67@69-40 -strict-sequence -strict-formats -short-paths -keep-locs -g -a -o lib/zee.cma lib/.zee.objs/byte/zee.cmo lib/.zee.objs/byte/zee__Subcommmands.cmo)
$ (cd _build/default && /home/adeadura/.opam/cs3110-2024fa/bin/ocamlc.opt -w @1..3@5..28@31..39@43@46..47@49..57@61..62@67@69-40 -strict-sequence -strict-formats -short-paths -keep-locs -g -bin-annot -bin-annot-occurrences -I bin/.main.eobjs/byte -I /home/adeadura/.opam/cs3110-2024fa/lib/cmdliner -I lib/.zee.objs/byte -no-alias-deps -opaque -open Dune__exe -o bin/.main.eobjs/byte/dune__exe__Main.cmi -c -intf bin/main.mli)
$ (cd _build/default && /home/adeadura/.opam/cs3110-2024fa/bin/ocamlopt.opt -w @1..3@5..28@31..39@43@46..47@49..57@61..62@67@69-40 -strict-sequence -strict-formats -short-paths -keep-locs -g -I lib/.zee.objs/byte -I lib/.zee.objs/native -intf-suffix .ml -no-alias-deps -opaque -open Zee -o lib/.zee.objs/native/zee__Subcommmands.cmx -c -impl lib/subcommmands.ml)
$ (cd _build/default && /home/adeadura/.opam/cs3110-2024fa/bin/ocamlopt.opt -w @1..3@5..28@31..39@43@46..47@49..57@61..62@67@69-40 -strict-sequence -strict-formats -short-paths -keep-locs -g -I bin/.main.eobjs/byte -I bin/.main.eobjs/native -I /home/adeadura/.opam/cs3110-2024fa/lib/cmdliner -I lib/.zee.objs/byte -I lib/.zee.objs/native -intf-suffix .ml -no-alias-deps -opaque -open Dune__exe -o bin/.main.eobjs/native/dune__exe__Main.cmx -c -impl bin/main.ml)
$ (cd _build/default && /home/adeadura/.opam/cs3110-2024fa/bin/ocamlopt.opt -w @1..3@5..28@31..39@43@46..47@49..57@61..62@67@69-40 -strict-sequence -strict-formats -short-paths -keep-locs -g -a -o lib/zee.cmxa lib/.zee.objs/native/zee.cmx lib/.zee.objs/native/zee__Subcommmands.cmx)
$ (cd _build/default && /home/adeadura/.opam/cs3110-2024fa/bin/ocamlopt.opt -w @1..3@5..28@31..39@43@46..47@49..57@61..62@67@69-40 -strict-sequence -strict-formats -short-paths -keep-locs -g -shared -linkall -I lib -o lib/zee.cmxs lib/zee.cmxa)
$ (cd _build/default && /home/adeadura/.opam/cs3110-2024fa/bin/ocamlopt.opt -w @1..3@5..28@31..39@43@46..47@49..57@61..62@67@69-40 -strict-sequence -strict-formats -short-paths -keep-locs -g -o bin/main.exe lib/zee.cmxa /home/adeadura/.opam/cs3110-2024fa/lib/cmdliner/cmdliner.cmxa bin/.main.eobjs/native/dune__exe.cmx bin/.main.eobjs/native/dune__exe__Main.cmx)
$ (cd _build/default && /home/adeadura/.opam/cs3110-2024fa/bin/ocamlc.opt -w @1..3@5..28@31..39@43@46..47@49..57@61..62@67@69-40 -strict-sequence -strict-formats -short-paths -keep-locs -g -bin-annot -bin-annot-occurrences -I bin/.main.eobjs/byte -I /home/adeadura/.opam/cs3110-2024fa/lib/cmdliner -I lib/.zee.objs/byte -no-alias-deps -opaque -o bin/.main.eobjs/byte/dune__exe__Main.cmi -c -intf bin/main.mli)
$ (cd _build/default && /home/adeadura/.opam/cs3110-2024fa/bin/ocamlopt.opt -w @1..3@5..28@31..39@43@46..47@49..57@61..62@67@69-40 -strict-sequence -strict-formats -short-paths -keep-locs -g -I bin/.main.eobjs/byte -I bin/.main.eobjs/native -I /home/adeadura/.opam/cs3110-2024fa/lib/cmdliner -I lib/.zee.objs/byte -I lib/.zee.objs/native -intf-suffix .ml -no-alias-deps -opaque -o bin/.main.eobjs/native/dune__exe__Main.cmx -c -impl bin/main.ml)
$ (cd _build/default && /home/adeadura/.opam/cs3110-2024fa/bin/ocamlopt.opt -w @1..3@5..28@31..39@43@46..47@49..57@61..62@67@69-40 -strict-sequence -strict-formats -short-paths -keep-locs -g -o bin/main.exe lib/zee.cmxa /home/adeadura/.opam/cs3110-2024fa/lib/cmdliner/cmdliner.cmxa bin/.main.eobjs/native/dune__exe__Main.cmx)
# Promoting "_build/default/zee.opam" to "zee.opam"
# Promoting "_build/default/zee.opam" to "zee.opam"
